document.odt	EXTRACTED from backups/backupNN.tar
document.pdf	EXTRACTED from backups/backupNN.tar
empty	EXTRACTED from backups/backupNN.tar
file.txt	EXTRACTED from backups/backupNN.tar
folder1/delivery_area_TAS_locality_20nov2014.csv	EXTRACTED from backups/backupNN.tar
folder1	EXTRACTED from backups/backupNN.tar
folder1/subfolder1/1.jpg	EXTRACTED from backups/backupNN.tar
folder1/subfolder1/2.jpeg	EXTRACTED from backups/backupNN.tar
folder1/subfolder1/3.jpeg	EXTRACTED from backups/backupNN.tar
folder1/subfolder1/4.JPG	EXTRACTED from backups/backupNN.tar
folder1/subfolder1/5.gif	EXTRACTED from backups/backupNN.tar
folder1/subfolder1/6.jpg	EXTRACTED from backups/backupNN.tar
folder1/subfolder1	EXTRACTED from backups/backupNN.tar
folder1/subfolder2/delivery_area_QLD_locality_20nov2014.csv	EXTRACTED from backups/backupNN.tar
folder1/subfolder2/delivery_area_SA_locality_20nov2014.csv	EXTRACTED from backups/backupNN.tar
folder1/subfolder2	EXTRACTED from backups/backupNN.tar
folder2	EXTRACTED from backups/backupNN.tar
folder2/file.txt	EXTRACTED from backups/backupNN.tar
folder2/logo.png	EXTRACTED from backups/backupNN.tar
funnyName'Quoted'.txt,v	EXTRACTED from backups/backupNN.tar
funnyName"Quoted".txt,v	EXTRACTED from backups/backupNN.tar
funnyName.txt,v	EXTRACTED from backups/backupNN.tar
